1 Abracadabra
2 Abracadabra
3 Abracadabra
4 Abracadabra
5 Abracadabra
6 Abracadabra
7 Abracadabra
8 Abracadabra
9 Abracadabra
10 Abracadabra
11 Abracadabra
12 Abracadabra
13 Abracadabra
14 Abracadabra
15 Abracadabra
16 Abracadabra
17 Abracadabra
18 Abracadabra
19 Abracadabra
20 Abracadabra
21 Abracadabra
